SIM/GLOBAL/RUN_TYPE

New: MD
Previous: None
Date: 2020-11-21 15:56:13.881517
Success: True
ErrorMessage: None

SIM/GLOBAL/PRINT_LEVEL

New: LOW
Previous: None
Date: 2020-11-21 15:56:13.881535
Success: True
ErrorMessage: None

SIM/GLOBAL/SEED

New: 1
Previous: None
Date: 2020-11-21 15:56:13.881539
Success: True
ErrorMessage: None

SIM/MOTION/METHOD

New: QUICKSTEP
Previous: None
Date: 2020-11-21 15:56:13.881543
Success: True
ErrorMessage: None

SIM/MOTION/STRESS_TENSOR

New: ANALYTICAL
Previous: QUICKSTEP
Date: 2020-11-21 15:56:13.881550
Success: True
ErrorMessage: None

SIM/MOTION/DFT/ABASIS_SET_FILE_NAME

New: BASIS_MOLOPT
Previous: None
Date: 2020-11-21 15:56:13.881562
Success: True
ErrorMessage: None

SIM/MOTION/DFT/POTENTIAL_FILE_NAME

New: GTH_POTENTIALS
Previous: None
Date: 2020-11-21 15:56:13.881567
Success: True
ErrorMessage: None

SIM/MOTION/DFT/CHARGE

New: 0
Previous: None
Date: 2020-11-21 15:56:13.881574
Success: True
ErrorMessage: None

SIM/MOTION/DFT/MULTIPLICITY

New: 1
Previous: None
Date: 2020-11-21 15:56:13.881577
Success: True
ErrorMessage: None

SIM/MOTION/DFT/MGRID/CUTOFF

New: 200
Previous: None
Date: 2020-11-21 15:56:13.881580
Success: True
ErrorMessage: None

SIM/MOTION/DFT/MGRID/REL_CUTOFF

New: 50
Previous: None
Date: 2020-11-21 15:56:13.881586
Success: True
ErrorMessage: None

SIM/MOTION/DFT/MGRID/NGRIDS

New: 4
Previous: None
Date: 2020-11-21 15:56:13.881593
Success: True
ErrorMessage: None

SIM/MOTION/DFT/ENERGY/METHOD

New: GPW
Previous: None
Date: 2020-11-21 15:56:13.881597
Success: True
ErrorMessage: None

SIM/MOTION/DFT/ENERGY/EPS_DEFAULT

New: 0.0001
Previous: None
Date: 2020-11-21 15:56:13.881609
Success: True
ErrorMessage: None

SIM/MOTION/DFT/ENERGY/EXTRAPOLATION

New: ASPC
Previous: None
Date: 2020-11-21 15:56:13.881618
Success: True
ErrorMessage: None

SIM/MOTION/DFT/POISSON/PERIODIC

New: XYZ
Previous: None
Date: 2020-11-21 15:56:13.881628
Success: True
ErrorMessage: None

SIM/MOTION/DFT/PRINT/PRINT/SECTION_PARAMETERS

New: OFF
Previous: None
Date: 2020-11-21 15:56:13.881642
Success: True
ErrorMessage: None

SIM/MOTION/DFT/SCF/SCF_GUESS

New: ATOMIC
Previous: None
Date: 2020-11-21 15:56:13.881649
Success: True
ErrorMessage: None

SIM/MOTION/DFT/SCF/MAX_SCF

New: 2
Previous: None
Date: 2020-11-21 15:56:13.881656
Success: True
ErrorMessage: None

SIM/MOTION/DFT/SCF/OT/SECTION_PARAMETERS

New: .TRUE.
Previous: None
Date: 2020-11-21 15:56:13.881670
Success: True
ErrorMessage: None

SIM/MOTION/DFT/SCF/OT/PRECONDITIONER

New: FULL_SINGLE_INVERSE
Previous: None
Date: 2020-11-21 15:56:13.881677
Success: True
ErrorMessage: None

SIM/MOTION/DFT/SCF/OT/MINIMIZER

New: DIIS
Previous: None
Date: 2020-11-21 15:56:13.881684
Success: True
ErrorMessage: None

SIM/MOTION/DFT/SCF/OUTER_SCF/SECTION_PARAMETERS

New: .TRUE.
Previous: None
Date: 2020-11-21 15:56:13.881689
Success: True
ErrorMessage: None

SIM/MOTION/DFT/SCF/OUTER_SCF/MAX_SCF

New: 1
Previous: None
Date: 2020-11-21 15:56:13.881698
Success: True
ErrorMessage: None

SIM/MOTION/DFT/SCF/OUTER_SCF/EPS_SCF

New: 0.0001
Previous: 0.0001
Date: 2020-11-21 15:56:13.881707
Success: True
ErrorMessage: None

SIM/MOTION/DFT/SCF/SCF_PRINT/FORCES/SECTION_PARAMETERS

New: OFF
Previous: None
Date: 2020-11-21 15:56:13.881715
Success: True
ErrorMessage: None

SIM/MOTION/DFT/SCF/SCF_PRINT/DM_RESTART_WRITE

New: .TRUE.
Previous: None
Date: 2020-11-21 15:56:13.881719
Success: True
ErrorMessage: None

SIM/MOTION/DFT/XC/XC_FUNCTIONAL/SECTION_PARAMETERS

New: PBE
Previous: None
Date: 2020-11-21 15:56:13.881723
Success: True
ErrorMessage: None

SIM/MOTION/DFT/XC/VDW_POTENTIAL/POTENTIAL_TYPE

New: PAIR_POTENTIAL
Previous: None
Date: 2020-11-21 15:56:13.881727
Success: True
ErrorMessage: None

SIM/MOTION/DFT/XC/VDW_POTENTIAL/PAIR_POTENTIAL/TYPE

New: DFTD3
Previous: None
Date: 2020-11-21 15:56:13.881735
Success: True
ErrorMessage: None

SIM/MOTION/DFT/XC/VDW_POTENTIAL/PAIR_POTENTIAL/PARAMETER_FILE_NAME

New: dftd3.dat
Previous: None
Date: 2020-11-21 15:56:13.881742
Success: True
ErrorMessage: None

SIM/MOTION/DFT/XC/VDW_POTENTIAL/PAIR_POTENTIAL/REFERENCE_FUNCTIONAL

New: PBE
Previous: None
Date: 2020-11-21 15:56:13.881745
Success: True
ErrorMessage: None

SIM/MOTION/DFT/XC/VDW_POTENTIAL/PAIR_POTENTIAL/R_CUTOFF

New: 8
Previous: None
Date: 2020-11-21 15:56:13.881748
Success: True
ErrorMessage: None

SIM/MOTION/SUBSYS/DFT/DEFAULT_KEYWORD

New: twoO2molecules.xyz
Previous: None
Date: 2020-11-21 15:56:13.881751
Success: True
ErrorMessage: None

SIM/MOTION/SUBSYS/KIND/SECTION_PARAMETERS

New: O
Previous: None
Date: 2020-11-21 15:56:13.881849
Success: True
ErrorMessage: None

SIM/MOTION/SUBSYS/KIND/BASIS_SET

New: DZVP-MOLOPT-GTH
Previous: None
Date: 2020-11-21 15:56:13.881857
Success: True
ErrorMessage: None

SIM/MOTION/SUBSYS/KIND/POTENTIAL

New: GTH-PBE
Previous: None
Date: 2020-11-21 15:56:13.881865
Success: True
ErrorMessage: None

SIM/MOTION/SUBSYS/DFT/ABC

New: 10.0 10.0 10.0
Previous: None
Date: 2020-11-21 15:56:13.881886
Success: True
ErrorMessage: None

SIM/MOTION/SUBSYS/DFT/ALPHA_BETA_GAMMA

New: 90.0 90.0 90.0
Previous: None
Date: 2020-11-21 15:56:13.881892
Success: True
ErrorMessage: None

SIM/MOTION/GEO_OPT/MAX_DR

New: BFGS
Previous: None
Date: 2020-11-21 15:56:13.881899
Success: True
ErrorMessage: None

SIM/MOTION/GEO_OPT/MAX_ITER

New: 100
Previous: None
Date: 2020-11-21 15:56:13.881906
Success: True
ErrorMessage: None

SIM/MOTION/GEO_OPT/MAX_FORCE

New: 0.003
Previous: None
Date: 2020-11-21 15:56:13.881910
Success: True
ErrorMessage: None

SIM/MOTION/MD/ENSEMBLE

New: NVT
Previous: None
Date: 2020-11-21 15:56:13.881917
Success: True
ErrorMessage: None

SIM/MOTION/MD/STEPS

New: 10
Previous: None
Date: 2020-11-21 15:56:13.881924
Success: True
ErrorMessage: None

SIM/MOTION/MD/TIMESTEP

New: 1.0
Previous: None
Date: 2020-11-21 15:56:13.881937
Success: True
ErrorMessage: None

SIM/MOTION/MD/TEMPERATURE

New: 273.15
Previous: None
Date: 2020-11-21 15:56:13.881950
Success: True
ErrorMessage: None

SIM/MOTION/MD/THERMOSTAT/TYPE

New: NOSE
Previous: None
Date: 2020-11-21 15:56:13.881957
Success: True
ErrorMessage: None

SIM/MOTION/MD/THERMOSTAT/REGION

New: MASSIVE
Previous: None
Date: 2020-11-21 15:56:13.881966
Success: True
ErrorMessage: None

SIM/MOTION/MD/THERMOSTAT/NOSE/LENGTH

New: 5
Previous: None
Date: 2020-11-21 15:56:13.881970
Success: True
ErrorMessage: None

SIM/MOTION/MD/THERMOSTAT/NOSE/YOSHIDA

New: 3
Previous: None
Date: 2020-11-21 15:56:13.881974
Success: True
ErrorMessage: None

SIM/MOTION/MD/THERMOSTAT/NOSE/TIMECON

New: 1000.0
Previous: None
Date: 2020-11-21 15:56:13.881980
Success: True
ErrorMessage: None

SIM/MOTION/MD/THERMOSTAT/NOSE/MTS

New: 2
Previous: None
Date: 2020-11-21 15:56:13.881983
Success: True
ErrorMessage: None

SIM/MOTION/PRINT/STRESS/SECTION_PARAMETERS

New: OFF
Previous: None
Date: 2020-11-21 15:56:13.882010
Success: True
ErrorMessage: None

SIM/MOTION/PRINT/TRAJECTORY/EACH/MD

New: 10
Previous: None
Date: 2020-11-21 15:56:13.882018
Success: True
ErrorMessage: None

SIM/MOTION/PRINT/TRAJECTORY/FORMAT

New: PDB
Previous: None
Date: 2020-11-21 15:56:13.882025
Success: True
ErrorMessage: None

SIM/MOTION/PRINT/VELOCITIES/SECTION_PARAMETERS

New: OFF
Previous: None
Date: 2020-11-21 15:56:13.882035
Success: True
ErrorMessage: None

SIM/MOTION/PRINT/FORCES/SECTION_PARAMETERS

New: OFF
Previous: None
Date: 2020-11-21 15:56:13.882047
Success: True
ErrorMessage: None

SIM/MOTION/PRINT/FORCES/SECTION_PARAMETERS

New: ON
Previous: None
Date: 2020-11-21 15:56:13.882067
Success: True
ErrorMessage: None

SIM/MOTION/PRINT/FORCES/EACH/MD

New: 500
Previous: None
Date: 2020-11-21 15:56:13.882077
Success: True
ErrorMessage: None

SIM/MOTION/PRINT/FORCES/SECTION_PARAMETERS

New: ON
Previous: None
Date: 2020-11-21 15:56:13.882081
Success: True
ErrorMessage: None

SIM/MOTION/PRINT/FORCES/BACKUP_COPIES

New: 3
Previous: None
Date: 2020-11-21 15:56:13.882084
Success: True
ErrorMessage: None

SIM/MOTION/PRINT/FORCES/EACH/MD

New: 1
Previous: None
Date: 2020-11-21 15:56:13.882091
Success: True
ErrorMessage: None

