SIM/GLOBAL/RUN_TYPE

New: GEO_OPT
Previous: None
Date: 2020-11-21 15:55:50.636964
Success: True
ErrorMessage: None

SIM/GLOBAL/PRINT_LEVEL

New: LOW
Previous: None
Date: 2020-11-21 15:55:50.636996
Success: True
ErrorMessage: None

SIM/MOTION/METHOD

New: QUICKSTEP
Previous: None
Date: 2020-11-21 15:55:50.637000
Success: True
ErrorMessage: None

SIM/MOTION/SUBSYS/DFT/ABC

New: 10.0 10.0 10.0
Previous: None
Date: 2020-11-21 15:55:50.637025
Success: True
ErrorMessage: None

SIM/MOTION/SUBSYS/DFT/ALPHA_BETA_GAMMA

New: 90.0 90.0 90.0
Previous: None
Date: 2020-11-21 15:55:50.637035
Success: True
ErrorMessage: None

SIM/MOTION/SUBSYS/DFT/PERIODIC

New: NONE
Previous: None
Date: 2020-11-21 15:55:50.637041
Success: True
ErrorMessage: None

SIM/MOTION/SUBSYS/DFT/DEFAULT_KEYWORD

New: O2_unoptimized_coord.xyz
Previous: None
Date: 2020-11-21 15:55:50.637045
Success: True
ErrorMessage: None

SIM/MOTION/SUBSYS/KIND/SECTION_PARAMETERS

New: O
Previous: None
Date: 2020-11-21 15:55:50.637198
Success: True
ErrorMessage: None

SIM/MOTION/SUBSYS/KIND/BASIS_SET

New: DZVP-MOLOPT-GTH
Previous: None
Date: 2020-11-21 15:55:50.637207
Success: True
ErrorMessage: None

SIM/MOTION/SUBSYS/KIND/POTENTIAL

New: GTH-PBE
Previous: None
Date: 2020-11-21 15:55:50.637211
Success: True
ErrorMessage: None

SIM/MOTION/DFT/ABASIS_SET_FILE_NAME

New: BASIS_MOLOPT
Previous: None
Date: 2020-11-21 15:55:50.637222
Success: True
ErrorMessage: None

SIM/MOTION/DFT/POTENTIAL_FILE_NAME

New: GTH_POTENTIALS
Previous: None
Date: 2020-11-21 15:55:50.637228
Success: True
ErrorMessage: None

SIM/MOTION/DFT/ENERGY/EPS_DEFAULT

New: 1e-07
Previous: None
Date: 2020-11-21 15:55:50.637234
Success: True
ErrorMessage: None

SIM/MOTION/DFT/MGRID/CUTOFF

New: 300
Previous: None
Date: 2020-11-21 15:55:50.637246
Success: True
ErrorMessage: None

SIM/MOTION/DFT/MGRID/REL_CUTOFF

New: 50
Previous: None
Date: 2020-11-21 15:55:50.637249
Success: True
ErrorMessage: None

SIM/MOTION/DFT/MGRID/NGRIDS

New: 4
Previous: None
Date: 2020-11-21 15:55:50.637258
Success: True
ErrorMessage: None

SIM/MOTION/DFT/XC/XC_FUNCTIONAL/SECTION_PARAMETERS

New: PBE
Previous: None
Date: 2020-11-21 15:55:50.637263
Success: True
ErrorMessage: None

SIM/MOTION/DFT/XC/VDW_POTENTIAL/POTENTIAL_TYPE

New: PAIR_POTENTIAL
Previous: None
Date: 2020-11-21 15:55:50.637275
Success: True
ErrorMessage: None

SIM/MOTION/DFT/XC/VDW_POTENTIAL/PAIR_POTENTIAL/TYPE

New: DFTD3
Previous: None
Date: 2020-11-21 15:55:50.637283
Success: True
ErrorMessage: None

SIM/MOTION/DFT/XC/VDW_POTENTIAL/PAIR_POTENTIAL/PARAMETER_FILE_NAME

New: dftd3.dat
Previous: None
Date: 2020-11-21 15:55:50.637294
Success: True
ErrorMessage: None

SIM/MOTION/DFT/XC/VDW_POTENTIAL/PAIR_POTENTIAL/REFERENCE_FUNCTIONAL

New: PBE
Previous: None
Date: 2020-11-21 15:55:50.637300
Success: True
ErrorMessage: None

SIM/MOTION/DFT/XC/VDW_POTENTIAL/PAIR_POTENTIAL/R_CUTOFF

New: 8
Previous: None
Date: 2020-11-21 15:55:50.637303
Success: True
ErrorMessage: None

SIM/MOTION/DFT/SCF/SCF_GUESS

New: ATOMIC
Previous: None
Date: 2020-11-21 15:55:50.637306
Success: True
ErrorMessage: None

SIM/MOTION/DFT/SCF/MAX_SCF

New: 6
Previous: None
Date: 2020-11-21 15:55:50.637312
Success: True
ErrorMessage: None

SIM/MOTION/DFT/POISSON/PERIODIC

New: NONE
Previous: None
Date: 2020-11-21 15:55:50.637325
Success: True
ErrorMessage: None

SIM/MOTION/DFT/POISSON/POISSON_SOLVER

New: WAVELET
Previous: None
Date: 2020-11-21 15:55:50.637331
Success: True
ErrorMessage: None

SIM/MOTION/GEO_OPT/TYPE

New: MINIMIZATION
Previous: None
Date: 2020-11-21 15:55:50.637382
Success: True
ErrorMessage: None

SIM/MOTION/GEO_OPT/MAX_DR

New: BFGS
Previous: None
Date: 2020-11-21 15:55:50.637393
Success: True
ErrorMessage: None

SIM/MOTION/GEO_OPT/MAX_ITER

New: 1
Previous: None
Date: 2020-11-21 15:55:50.637400
Success: True
ErrorMessage: None

SIM/MOTION/GEO_OPT/MAX_FORCE

New: 0.001
Previous: None
Date: 2020-11-21 15:55:50.637410
Success: True
ErrorMessage: None

SIM/MOTION/CONSTRAINT/FIXED_ATOMS/LIST

New: 1
Previous: None
Date: 2020-11-21 15:55:50.637425
Success: True
ErrorMessage: None

