SIM/GLOBAL/RUN_TYPE

New: MD
Previous: None
Date: 2020-09-14 19:02:45.243859
Success: True
ErrorMessage: None

SIM/GLOBAL/PRINT_LEVEL

New: LOW
Previous: None
Date: 2020-09-14 19:02:45.243878
Success: True
ErrorMessage: None

SIM/GLOBAL/SEED

New: 1
Previous: None
Date: 2020-09-14 19:02:45.243882
Success: True
ErrorMessage: None

SIM/MOTION/METHOD

New: QUICKSTEP
Previous: None
Date: 2020-09-14 19:02:45.243887
Success: True
ErrorMessage: None

SIM/MOTION/STRESS_TENSOR

New: ANALYTICAL
Previous: QUICKSTEP
Date: 2020-09-14 19:02:45.243893
Success: True
ErrorMessage: None

SIM/MOTION/DFT/ABASIS_SET_FILE_NAME

New: BASIS_MOLOPT
Previous: None
Date: 2020-09-14 19:02:45.243907
Success: True
ErrorMessage: None

SIM/MOTION/DFT/POTENTIAL_FILE_NAME

New: GTH_POTENTIALS
Previous: None
Date: 2020-09-14 19:02:45.243914
Success: True
ErrorMessage: None

SIM/MOTION/DFT/CHARGE

New: 0
Previous: None
Date: 2020-09-14 19:02:45.243925
Success: True
ErrorMessage: None

SIM/MOTION/DFT/MULTIPLICITY

New: 1
Previous: None
Date: 2020-09-14 19:02:45.243928
Success: True
ErrorMessage: None

SIM/MOTION/DFT/MGRID/CUTOFF

New: 200
Previous: None
Date: 2020-09-14 19:02:45.243938
Success: True
ErrorMessage: None

SIM/MOTION/DFT/MGRID/REL_CUTOFF

New: 50
Previous: None
Date: 2020-09-14 19:02:45.243945
Success: True
ErrorMessage: None

SIM/MOTION/DFT/MGRID/NGRIDS

New: 4
Previous: None
Date: 2020-09-14 19:02:45.243948
Success: True
ErrorMessage: None

SIM/MOTION/DFT/ENERGY/METHOD

New: GPW
Previous: None
Date: 2020-09-14 19:02:45.243954
Success: True
ErrorMessage: None

SIM/MOTION/DFT/ENERGY/EPS_DEFAULT

New: 0.0001
Previous: None
Date: 2020-09-14 19:02:45.243961
Success: True
ErrorMessage: None

SIM/MOTION/DFT/ENERGY/EXTRAPOLATION

New: ASPC
Previous: None
Date: 2020-09-14 19:02:45.243968
Success: True
ErrorMessage: None

SIM/MOTION/DFT/POISSON/PERIODIC

New: XYZ
Previous: None
Date: 2020-09-14 19:02:45.243972
Success: True
ErrorMessage: None

SIM/MOTION/DFT/PRINT/PRINT/SECTION_PARAMETERS

New: OFF
Previous: None
Date: 2020-09-14 19:02:45.243977
Success: True
ErrorMessage: None

SIM/MOTION/DFT/SCF/SCF_GUESS

New: ATOMIC
Previous: None
Date: 2020-09-14 19:02:45.243991
Success: True
ErrorMessage: None

SIM/MOTION/DFT/SCF/MAX_SCF

New: 2
Previous: None
Date: 2020-09-14 19:02:45.243998
Success: True
ErrorMessage: None

SIM/MOTION/DFT/SCF/OT/SECTION_PARAMETERS

New: .TRUE.
Previous: None
Date: 2020-09-14 19:02:45.244153
Success: True
ErrorMessage: None

SIM/MOTION/DFT/SCF/OT/PRECONDITIONER

New: FULL_SINGLE_INVERSE
Previous: None
Date: 2020-09-14 19:02:45.244161
Success: True
ErrorMessage: None

SIM/MOTION/DFT/SCF/OT/MINIMIZER

New: DIIS
Previous: None
Date: 2020-09-14 19:02:45.244168
Success: True
ErrorMessage: None

SIM/MOTION/DFT/SCF/OUTER_SCF/SECTION_PARAMETERS

New: .TRUE.
Previous: None
Date: 2020-09-14 19:02:45.244190
Success: True
ErrorMessage: None

SIM/MOTION/DFT/SCF/OUTER_SCF/MAX_SCF

New: 1
Previous: None
Date: 2020-09-14 19:02:45.244213
Success: True
ErrorMessage: None

SIM/MOTION/DFT/SCF/OUTER_SCF/EPS_SCF

New: 0.0001
Previous: 0.0001
Date: 2020-09-14 19:02:45.244216
Success: True
ErrorMessage: None

SIM/MOTION/DFT/SCF/SCF_PRINT/FORCES/SECTION_PARAMETERS

New: OFF
Previous: None
Date: 2020-09-14 19:02:45.244230
Success: True
ErrorMessage: None

SIM/MOTION/DFT/SCF/SCF_PRINT/DM_RESTART_WRITE

New: .TRUE.
Previous: None
Date: 2020-09-14 19:02:45.244234
Success: True
ErrorMessage: None

SIM/MOTION/DFT/XC/XC_FUNCTIONAL/SECTION_PARAMETERS

New: PBE
Previous: None
Date: 2020-09-14 19:02:45.244240
Success: True
ErrorMessage: None

SIM/MOTION/DFT/XC/VDW_POTENTIAL/POTENTIAL_TYPE

New: PAIR_POTENTIAL
Previous: None
Date: 2020-09-14 19:02:45.244244
Success: True
ErrorMessage: None

SIM/MOTION/DFT/XC/VDW_POTENTIAL/PAIR_POTENTIAL/TYPE

New: DFTD3
Previous: None
Date: 2020-09-14 19:02:45.244249
Success: True
ErrorMessage: None

SIM/MOTION/DFT/XC/VDW_POTENTIAL/PAIR_POTENTIAL/PARAMETER_FILE_NAME

New: dftd3.dat
Previous: None
Date: 2020-09-14 19:02:45.244257
Success: True
ErrorMessage: None

SIM/MOTION/DFT/XC/VDW_POTENTIAL/PAIR_POTENTIAL/REFERENCE_FUNCTIONAL

New: PBE
Previous: None
Date: 2020-09-14 19:02:45.244260
Success: True
ErrorMessage: None

SIM/MOTION/DFT/XC/VDW_POTENTIAL/PAIR_POTENTIAL/R_CUTOFF

New: 8
Previous: None
Date: 2020-09-14 19:02:45.244263
Success: True
ErrorMessage: None

SIM/MOTION/SUBSYS/DFT/DEFAULT_KEYWORD

New: O2_N2_mix.xyz
Previous: None
Date: 2020-09-14 19:02:45.244268
Success: True
ErrorMessage: None

SIM/MOTION/SUBSYS/KIND/SECTION_PARAMETERS

New: N
Previous: None
Date: 2020-09-14 19:02:45.244454
Success: True
ErrorMessage: None

SIM/MOTION/SUBSYS/KIND/BASIS_SET

New: DZVP-MOLOPT-GTH
Previous: None
Date: 2020-09-14 19:02:45.244464
Success: True
ErrorMessage: None

SIM/MOTION/SUBSYS/KIND/POTENTIAL

New: GTH-PBE
Previous: None
Date: 2020-09-14 19:02:45.244469
Success: True
ErrorMessage: None

SIM/MOTION/SUBSYS/KIND/SECTION_PARAMETERS

New: O
Previous: None
Date: 2020-09-14 19:02:45.244472
Success: True
ErrorMessage: None

SIM/MOTION/SUBSYS/KIND/BASIS_SET

New: DZVP-MOLOPT-GTH
Previous: None
Date: 2020-09-14 19:02:45.244475
Success: True
ErrorMessage: None

SIM/MOTION/SUBSYS/KIND/POTENTIAL

New: GTH-PBE
Previous: None
Date: 2020-09-14 19:02:45.244477
Success: True
ErrorMessage: None

SIM/MOTION/SUBSYS/DFT/ABC

New: 10.0 10.0 10.0
Previous: None
Date: 2020-09-14 19:02:45.244507
Success: True
ErrorMessage: None

SIM/MOTION/SUBSYS/DFT/ALPHA_BETA_GAMMA

New: 90.0 90.0 90.0
Previous: None
Date: 2020-09-14 19:02:45.244514
Success: True
ErrorMessage: None

SIM/MOTION/GEO_OPT/MAX_DR

New: BFGS
Previous: None
Date: 2020-09-14 19:02:45.244520
Success: True
ErrorMessage: None

SIM/MOTION/GEO_OPT/MAX_ITER

New: 100
Previous: None
Date: 2020-09-14 19:02:45.244527
Success: True
ErrorMessage: None

SIM/MOTION/GEO_OPT/MAX_FORCE

New: 0.003
Previous: None
Date: 2020-09-14 19:02:45.244536
Success: True
ErrorMessage: None

SIM/MOTION/MD/ENSEMBLE

New: NVT
Previous: None
Date: 2020-09-14 19:02:45.244541
Success: True
ErrorMessage: None

SIM/MOTION/MD/STEPS

New: 10
Previous: None
Date: 2020-09-14 19:02:45.244552
Success: True
ErrorMessage: None

SIM/MOTION/MD/TIMESTEP

New: 1.0
Previous: None
Date: 2020-09-14 19:02:45.244569
Success: True
ErrorMessage: None

SIM/MOTION/MD/TEMPERATURE

New: 273.15
Previous: None
Date: 2020-09-14 19:02:45.244584
Success: True
ErrorMessage: None

SIM/MOTION/MD/THERMOSTAT/TYPE

New: NOSE
Previous: None
Date: 2020-09-14 19:02:45.244590
Success: True
ErrorMessage: None

SIM/MOTION/MD/THERMOSTAT/REGION

New: MASSIVE
Previous: None
Date: 2020-09-14 19:02:45.244593
Success: True
ErrorMessage: None

SIM/MOTION/MD/THERMOSTAT/NOSE/LENGTH

New: 5
Previous: None
Date: 2020-09-14 19:02:45.244602
Success: True
ErrorMessage: None

SIM/MOTION/MD/THERMOSTAT/NOSE/YOSHIDA

New: 3
Previous: None
Date: 2020-09-14 19:02:45.244605
Success: True
ErrorMessage: None

SIM/MOTION/MD/THERMOSTAT/NOSE/TIMECON

New: 1000.0
Previous: None
Date: 2020-09-14 19:02:45.244608
Success: True
ErrorMessage: None

SIM/MOTION/MD/THERMOSTAT/NOSE/MTS

New: 2
Previous: None
Date: 2020-09-14 19:02:45.244612
Success: True
ErrorMessage: None

SIM/MOTION/PRINT/STRESS/SECTION_PARAMETERS

New: OFF
Previous: None
Date: 2020-09-14 19:02:45.244632
Success: True
ErrorMessage: None

SIM/MOTION/PRINT/TRAJECTORY/EACH/MD

New: 10
Previous: None
Date: 2020-09-14 19:02:45.244648
Success: True
ErrorMessage: None

SIM/MOTION/PRINT/TRAJECTORY/FORMAT

New: PDB
Previous: None
Date: 2020-09-14 19:02:45.244655
Success: True
ErrorMessage: None

SIM/MOTION/PRINT/VELOCITIES/SECTION_PARAMETERS

New: OFF
Previous: None
Date: 2020-09-14 19:02:45.244666
Success: True
ErrorMessage: None

SIM/MOTION/PRINT/FORCES/SECTION_PARAMETERS

New: OFF
Previous: None
Date: 2020-09-14 19:02:45.244671
Success: True
ErrorMessage: None

SIM/MOTION/PRINT/FORCES/SECTION_PARAMETERS

New: ON
Previous: None
Date: 2020-09-14 19:02:45.244682
Success: True
ErrorMessage: None

SIM/MOTION/PRINT/FORCES/EACH/MD

New: 500
Previous: None
Date: 2020-09-14 19:02:45.244685
Success: True
ErrorMessage: None

SIM/MOTION/PRINT/FORCES/SECTION_PARAMETERS

New: ON
Previous: None
Date: 2020-09-14 19:02:45.244689
Success: True
ErrorMessage: None

SIM/MOTION/PRINT/FORCES/BACKUP_COPIES

New: 3
Previous: None
Date: 2020-09-14 19:02:45.244693
Success: True
ErrorMessage: None

SIM/MOTION/PRINT/FORCES/EACH/MD

New: 1
Previous: None
Date: 2020-09-14 19:02:45.244696
Success: True
ErrorMessage: None

