 DBCSR| CPU Multiplication driver                                           BLAS
 DBCSR| Multrec recursion limit                                              512
 DBCSR| Multiplication stack size                                           1000
 DBCSR| Maximum elements for images                                    UNLIMITED
 DBCSR| Multiplicative factor virtual images                                   1
 DBCSR| Use multiplication densification                                       T
 DBCSR| Multiplication size stacks                                             3
 DBCSR| Number of 3D layers                                               SINGLE
 DBCSR| Use MPI memory allocation                                              T
 DBCSR| Use RMA algorithm                                                      F
 DBCSR| Use Communication thread                                               T
 DBCSR| Communication thread load                                             87


  **** **** ******  **  PROGRAM STARTED AT               2020-09-14 16:26:41.721
 ***** ** ***  *** **   PROGRAM STARTED ON                                ln1002
 **    ****   ******    PROGRAM STARTED BY                              singh891
 ***** **    ** ** **   PROGRAM PROCESS ID                                   721
  **** **  *******  **  PROGRAM STARTED IN /panfs/roc/scratch/singh891/delete/cp
                                           2kmdpy/cp2kmdpy/tests/LONG/with-signa
                                           c/dioxygen-nvt/workspace/2c1152d36804
                                           631fcd7a25630756cc2b

 CP2K| version string:                    CP2K version 7.0 (Development Version)
 CP2K| source code revision number:                                  git:7cd08c2
 CP2K| cp2kflags: fftw3 parallel mpi3 scalapack                                 
 CP2K| is freely available from                            https://www.cp2k.org/
 CP2K| Program compiled at                          Tue May 28 11:01:45 CDT 2019
 CP2K| Program compiled on                                                ln0003
 CP2K| Program compiled for                                   Linux-x86-64-intel
 CP2K| Data directory path    /panfs/roc/groups/12/siepmann/singh891/test-cp2k/c
 CP2K| Input file name                            twentyO2molecules_md_input.inp
 
 GLOBAL| Force Environment number                                              1
 GLOBAL| Basis set file name                                        BASIS_MOLOPT
 GLOBAL| Potential file name                                      GTH_POTENTIALS
 GLOBAL| MM Potential file name                                     MM_POTENTIAL
 GLOBAL| Coordinate file name                                      __STD_INPUT__
 GLOBAL| Method name                                                        CP2K
 GLOBAL| Project name                                          twentyO2molecules
 GLOBAL| Preferred FFT library                                             FFTW3
 GLOBAL| Preferred diagonalization lib.                                       SL
 GLOBAL| Run type                                                             MD
 GLOBAL| All-to-all communication in single precision                          F
 GLOBAL| FFTs using library dependent lengths                                  F
 GLOBAL| Global print level                                                  LOW
 GLOBAL| MPI I/O enabled                                                       T
 GLOBAL| Total number of message passing processes                             1
 GLOBAL| Number of threads for this process                                    1
 GLOBAL| This output is from process                                           0
 GLOBAL| CPU model name :  AMD EPYC 7302P 16-Core Processor

 MEMORY| system memory details [Kb]
 MEMORY|                        rank 0           min           max       average
 MEMORY| MemTotal            131755240     131755240     131755240     131755240
 MEMORY| MemFree             106736476     106736476     106736476     106736476
 MEMORY| Buffers                  5256          5256          5256          5256
 MEMORY| Cached               16063132      16063132      16063132      16063132
 MEMORY| Slab                  1993072       1993072       1993072       1993072
 MEMORY| SReclaimable          1700724       1700724       1700724       1700724
 MEMORY| MemLikelyFree       124505588     124505588     124505588     124505588

 
 GENERATE|  Preliminary Number of Bonds generated:                             0
 GENERATE|  Achieved consistency in connectivity generation.

 *******************************************************************************
 *******************************************************************************
 **                                                                           **
 **     #####                         ##              ##                      **
 **    ##   ##            ##          ##              ##                      **
 **   ##     ##                       ##            ######                    **
 **   ##     ##  ##   ##  ##   #####  ##  ##   ####   ##    #####    #####    **
 **   ##     ##  ##   ##  ##  ##      ## ##   ##      ##   ##   ##  ##   ##   **
 **   ##  ## ##  ##   ##  ##  ##      ####     ###    ##   ######   ######    **
 **    ##  ###   ##   ##  ##  ##      ## ##      ##   ##   ##       ##        **
 **     #######   #####   ##   #####  ##  ##  ####    ##    #####   ##        **
 **           ##                                                    ##        **
 **                                                                           **
 **                                                ... make the atoms dance   **
 **                                                                           **
 **            Copyright (C) by CP2K developers group (2000 - 2019)           **
 **                                                                           **
 *******************************************************************************


 TOTAL NUMBERS AND MAXIMUM NUMBERS

  Total number of            - Atomic kinds:                                   1
                             - Atoms:                                         40
                             - Shell sets:                                    40
                             - Shells:                                       200
                             - Primitive Cartesian functions:                280
                             - Cartesian basis functions:                    560
                             - Spherical basis functions:                    520

  Maximum angular momentum of- Orbital basis functions:                        2
                             - Local part of the GTH pseudopotential:          2
                             - Non-local part of the GTH pseudopotential:      0


 SCF PARAMETERS         Density guess:                                    ATOMIC
                        --------------------------------------------------------
                        max_scf:                                              30
                        max_scf_history:                                       0
                        max_diis:                                              4
                        --------------------------------------------------------
                        eps_scf:                                        1.00E-06
                        eps_scf_history:                                0.00E+00
                        eps_diis:                                       1.00E-01
                        eps_eigval:                                     1.00E-05
                        --------------------------------------------------------
                        level_shift [a.u.]:                                 0.00
                        --------------------------------------------------------
                        Outer loop SCF in use 
                        No variables optimised in outer loop
                        eps_scf                                         1.00E-06
                        max_scf                                               10
                        No outer loop optimization
                        step_size                                       5.00E-01
