SIM/GLOBAL/RUN_TYPE

New: MD
Previous: None
Date: 2020-09-14 18:48:11.967424
Success: True
ErrorMessage: None

SIM/GLOBAL/PRINT_LEVEL

New: LOW
Previous: None
Date: 2020-09-14 18:48:11.967449
Success: True
ErrorMessage: None

SIM/GLOBAL/SEED

New: 1
Previous: None
Date: 2020-09-14 18:48:11.967454
Success: True
ErrorMessage: None

SIM/MOTION/METHOD

New: QUICKSTEP
Previous: None
Date: 2020-09-14 18:48:11.967466
Success: True
ErrorMessage: None

SIM/MOTION/STRESS_TENSOR

New: ANALYTICAL
Previous: QUICKSTEP
Date: 2020-09-14 18:48:11.967488
Success: True
ErrorMessage: None

SIM/MOTION/DFT/ABASIS_SET_FILE_NAME

New: BASIS_MOLOPT
Previous: None
Date: 2020-09-14 18:48:11.967517
Success: True
ErrorMessage: None

SIM/MOTION/DFT/POTENTIAL_FILE_NAME

New: GTH_POTENTIALS
Previous: None
Date: 2020-09-14 18:48:11.967524
Success: True
ErrorMessage: None

SIM/MOTION/DFT/CHARGE

New: 0
Previous: None
Date: 2020-09-14 18:48:11.967540
Success: True
ErrorMessage: None

SIM/MOTION/DFT/MULTIPLICITY

New: 1
Previous: None
Date: 2020-09-14 18:48:11.967543
Success: True
ErrorMessage: None

SIM/MOTION/DFT/MGRID/CUTOFF

New: 200
Previous: None
Date: 2020-09-14 18:48:11.967550
Success: True
ErrorMessage: None

SIM/MOTION/DFT/MGRID/REL_CUTOFF

New: 50
Previous: None
Date: 2020-09-14 18:48:11.967559
Success: True
ErrorMessage: None

SIM/MOTION/DFT/MGRID/NGRIDS

New: 4
Previous: None
Date: 2020-09-14 18:48:11.967563
Success: True
ErrorMessage: None

SIM/MOTION/DFT/ENERGY/METHOD

New: GPW
Previous: None
Date: 2020-09-14 18:48:11.967574
Success: True
ErrorMessage: None

SIM/MOTION/DFT/ENERGY/EPS_DEFAULT

New: 0.0001
Previous: None
Date: 2020-09-14 18:48:11.967582
Success: True
ErrorMessage: None

SIM/MOTION/DFT/ENERGY/EXTRAPOLATION

New: ASPC
Previous: None
Date: 2020-09-14 18:48:11.967590
Success: True
ErrorMessage: None

SIM/MOTION/DFT/POISSON/PERIODIC

New: XYZ
Previous: None
Date: 2020-09-14 18:48:11.967596
Success: True
ErrorMessage: None

SIM/MOTION/DFT/PRINT/PRINT/SECTION_PARAMETERS

New: OFF
Previous: None
Date: 2020-09-14 18:48:11.967603
Success: True
ErrorMessage: None

SIM/MOTION/DFT/SCF/SCF_GUESS

New: ATOMIC
Previous: None
Date: 2020-09-14 18:48:11.967619
Success: True
ErrorMessage: None

SIM/MOTION/DFT/SCF/MAX_SCF

New: 2
Previous: None
Date: 2020-09-14 18:48:11.967627
Success: True
ErrorMessage: None

SIM/MOTION/DFT/SCF/OT/SECTION_PARAMETERS

New: .TRUE.
Previous: None
Date: 2020-09-14 18:48:11.967637
Success: True
ErrorMessage: None

SIM/MOTION/DFT/SCF/OT/PRECONDITIONER

New: FULL_SINGLE_INVERSE
Previous: None
Date: 2020-09-14 18:48:11.967646
Success: True
ErrorMessage: None

SIM/MOTION/DFT/SCF/OT/MINIMIZER

New: DIIS
Previous: None
Date: 2020-09-14 18:48:11.967653
Success: True
ErrorMessage: None

SIM/MOTION/DFT/SCF/OUTER_SCF/SECTION_PARAMETERS

New: .TRUE.
Previous: None
Date: 2020-09-14 18:48:11.967664
Success: True
ErrorMessage: None

SIM/MOTION/DFT/SCF/OUTER_SCF/MAX_SCF

New: 1
Previous: None
Date: 2020-09-14 18:48:11.967672
Success: True
ErrorMessage: None

SIM/MOTION/DFT/SCF/OUTER_SCF/EPS_SCF

New: 0.0001
Previous: 0.0001
Date: 2020-09-14 18:48:11.967676
Success: True
ErrorMessage: None

SIM/MOTION/DFT/SCF/SCF_PRINT/FORCES/SECTION_PARAMETERS

New: OFF
Previous: None
Date: 2020-09-14 18:48:11.967692
Success: True
ErrorMessage: None

SIM/MOTION/DFT/SCF/SCF_PRINT/DM_RESTART_WRITE

New: .TRUE.
Previous: None
Date: 2020-09-14 18:48:11.967697
Success: True
ErrorMessage: None

SIM/MOTION/DFT/XC/XC_FUNCTIONAL/SECTION_PARAMETERS

New: PBE
Previous: None
Date: 2020-09-14 18:48:11.967703
Success: True
ErrorMessage: None

SIM/MOTION/DFT/XC/VDW_POTENTIAL/POTENTIAL_TYPE

New: PAIR_POTENTIAL
Previous: None
Date: 2020-09-14 18:48:11.967709
Success: True
ErrorMessage: None

SIM/MOTION/DFT/XC/VDW_POTENTIAL/PAIR_POTENTIAL/TYPE

New: DFTD3
Previous: None
Date: 2020-09-14 18:48:11.967714
Success: True
ErrorMessage: None

SIM/MOTION/DFT/XC/VDW_POTENTIAL/PAIR_POTENTIAL/PARAMETER_FILE_NAME

New: dftd3.dat
Previous: None
Date: 2020-09-14 18:48:11.967718
Success: True
ErrorMessage: None

SIM/MOTION/DFT/XC/VDW_POTENTIAL/PAIR_POTENTIAL/REFERENCE_FUNCTIONAL

New: PBE
Previous: None
Date: 2020-09-14 18:48:11.967728
Success: True
ErrorMessage: None

SIM/MOTION/DFT/XC/VDW_POTENTIAL/PAIR_POTENTIAL/R_CUTOFF

New: 8
Previous: None
Date: 2020-09-14 18:48:11.967731
Success: True
ErrorMessage: None

SIM/MOTION/SUBSYS/DFT/DEFAULT_KEYWORD

New: N2_npt.xyz
Previous: None
Date: 2020-09-14 18:48:11.967737
Success: True
ErrorMessage: None

SIM/MOTION/SUBSYS/KIND/SECTION_PARAMETERS

New: N
Previous: None
Date: 2020-09-14 18:48:11.967872
Success: True
ErrorMessage: None

SIM/MOTION/SUBSYS/KIND/BASIS_SET

New: DZVP-MOLOPT-GTH
Previous: None
Date: 2020-09-14 18:48:11.967883
Success: True
ErrorMessage: None

SIM/MOTION/SUBSYS/KIND/POTENTIAL

New: GTH-PBE
Previous: None
Date: 2020-09-14 18:48:11.967893
Success: True
ErrorMessage: None

SIM/MOTION/SUBSYS/DFT/ABC

New: 10.0 10.0 10.0
Previous: None
Date: 2020-09-14 18:48:11.967924
Success: True
ErrorMessage: None

SIM/MOTION/SUBSYS/DFT/ALPHA_BETA_GAMMA

New: 90.0 90.0 90.0
Previous: None
Date: 2020-09-14 18:48:11.968081
Success: True
ErrorMessage: None

SIM/MOTION/GEO_OPT/MAX_DR

New: BFGS
Previous: None
Date: 2020-09-14 18:48:11.968088
Success: True
ErrorMessage: None

SIM/MOTION/GEO_OPT/MAX_ITER

New: 100
Previous: None
Date: 2020-09-14 18:48:11.968097
Success: True
ErrorMessage: None

SIM/MOTION/GEO_OPT/MAX_FORCE

New: 0.003
Previous: None
Date: 2020-09-14 18:48:11.968107
Success: True
ErrorMessage: None

SIM/MOTION/MD/ENSEMBLE

New: NPT_I
Previous: None
Date: 2020-09-14 18:48:11.968113
Success: True
ErrorMessage: None

SIM/MOTION/MD/STEPS

New: 10
Previous: None
Date: 2020-09-14 18:48:11.968120
Success: True
ErrorMessage: None

SIM/MOTION/MD/TIMESTEP

New: 1.0
Previous: None
Date: 2020-09-14 18:48:11.968140
Success: True
ErrorMessage: None

SIM/MOTION/MD/TEMPERATURE

New: 273.15
Previous: None
Date: 2020-09-14 18:48:11.968151
Success: True
ErrorMessage: None

SIM/MOTION/MD/THERMOSTAT/TYPE

New: NOSE
Previous: None
Date: 2020-09-14 18:48:11.968157
Success: True
ErrorMessage: None

SIM/MOTION/MD/THERMOSTAT/REGION

New: MASSIVE
Previous: None
Date: 2020-09-14 18:48:11.968168
Success: True
ErrorMessage: None

SIM/MOTION/MD/THERMOSTAT/NOSE/LENGTH

New: 5
Previous: None
Date: 2020-09-14 18:48:11.968178
Success: True
ErrorMessage: None

SIM/MOTION/MD/THERMOSTAT/NOSE/YOSHIDA

New: 3
Previous: None
Date: 2020-09-14 18:48:11.968182
Success: True
ErrorMessage: None

SIM/MOTION/MD/THERMOSTAT/NOSE/TIMECON

New: 1000.0
Previous: None
Date: 2020-09-14 18:48:11.968191
Success: True
ErrorMessage: None

SIM/MOTION/MD/THERMOSTAT/NOSE/MTS

New: 2
Previous: None
Date: 2020-09-14 18:48:11.968195
Success: True
ErrorMessage: None

SIM/MOTION/MD/BAROSTAT/PRESSURE

New: 1.0
Previous: None
Date: 2020-09-14 18:48:11.968209
Success: True
ErrorMessage: None

SIM/MOTION/PRINT/STRESS/SECTION_PARAMETERS

New: OFF
Previous: None
Date: 2020-09-14 18:48:11.968277
Success: True
ErrorMessage: None

SIM/MOTION/PRINT/TRAJECTORY/EACH/MD

New: 10
Previous: None
Date: 2020-09-14 18:48:11.968291
Success: True
ErrorMessage: None

SIM/MOTION/PRINT/TRAJECTORY/FORMAT

New: PDB
Previous: None
Date: 2020-09-14 18:48:11.968309
Success: True
ErrorMessage: None

SIM/MOTION/PRINT/VELOCITIES/SECTION_PARAMETERS

New: OFF
Previous: None
Date: 2020-09-14 18:48:11.968335
Success: True
ErrorMessage: None

SIM/MOTION/PRINT/FORCES/SECTION_PARAMETERS

New: OFF
Previous: None
Date: 2020-09-14 18:48:11.968343
Success: True
ErrorMessage: None

SIM/MOTION/PRINT/FORCES/SECTION_PARAMETERS

New: ON
Previous: None
Date: 2020-09-14 18:48:11.968352
Success: True
ErrorMessage: None

SIM/MOTION/PRINT/FORCES/EACH/MD

New: 500
Previous: None
Date: 2020-09-14 18:48:11.968357
Success: True
ErrorMessage: None

SIM/MOTION/PRINT/FORCES/SECTION_PARAMETERS

New: ON
Previous: None
Date: 2020-09-14 18:48:11.968362
Success: True
ErrorMessage: None

SIM/MOTION/PRINT/FORCES/BACKUP_COPIES

New: 3
Previous: None
Date: 2020-09-14 18:48:11.968366
Success: True
ErrorMessage: None

SIM/MOTION/PRINT/FORCES/EACH/MD

New: 1
Previous: None
Date: 2020-09-14 18:48:11.968369
Success: True
ErrorMessage: None

